// Jest Snapshot v1, https://goo.gl/fbAQLP

exports[`Test List Item Components - Experimental Enabled  ListItemAction Snapshot 1`] = `null`;

exports[`Test List Item Components - Experimental Enabled  ListItemInfo Snapshot 1`] = `null`;

exports[`Test List Item Components - Experimental Enabled  ListItemInfoCopy Snapshot 1`] = `null`;

exports[`Test List Item Components - Experimental Enabled  ListItemNav Snapshot 1`] = `null`;

exports[`Test List Item Components - Experimental Enabled  ListItemNavAlert Snapshot 1`] = `null`;

exports[`Test List Item Components - Experimental Enabled  ListItemRadioWithAmount Snapshot 1`] = `null`;

exports[`Test List Item Components - Experimental Enabled  ListItemRadioWithAmount Snapshot 2`] = `null`;

exports[`Test List Item Components - Experimental Enabled  ListItemTransaction Snapshot 1`] = `null`;

exports[`Test List Item Components - Experimental Enabled  PressableListItemsBase Snapshot 1`] = `null`;

exports[`Test List Item Components ListItemAction Snapshot 1`] = `null`;

exports[`Test List Item Components ListItemInfo Snapshot 1`] = `null`;

exports[`Test List Item Components ListItemInfoCopy Snapshot 1`] = `null`;

exports[`Test List Item Components ListItemNav Snapshot 1`] = `null`;

exports[`Test List Item Components ListItemNavAlert Snapshot 1`] = `null`;

exports[`Test List Item Components ListItemRadioWithAmount Snapshot 1`] = `null`;

exports[`Test List Item Components ListItemRadioWithAmount Snapshot 2`] = `null`;

exports[`Test List Item Components ListItemTransaction Snapshot 1`] = `null`;

exports[`Test List Item Components PressableListItemsBase Snapshot 1`] = `null`;
