// Jest Snapshot v1, https://goo.gl/fbAQLP

exports[`Test ToastNotification component - Experimental Enabled should match snapshot for props ({ message: 'Hello', icon: 'checkTick' }) 1`] = `null`;

exports[`Test ToastNotification component - Experimental Enabled should match snapshot for props ({ message: 'Hello', variant: 'error' }) 1`] = `null`;

exports[`Test ToastNotification component - Experimental Enabled should match snapshot for props ({ message: 'Hello', variant: 'info' }) 1`] = `null`;

exports[`Test ToastNotification component - Experimental Enabled should match snapshot for props ({ message: 'Hello', variant: 'neutral' }) 1`] = `null`;

exports[`Test ToastNotification component - Experimental Enabled should match snapshot for props ({ message: 'Hello', variant: 'success' }) 1`] = `null`;

exports[`Test ToastNotification component - Experimental Enabled should match snapshot for props ({ message: 'Hello', variant: 'warning' }) 1`] = `null`;

exports[`Test ToastNotification component should match snapshot for props ({ message: 'Hello', icon: 'checkTick' }) 1`] = `null`;

exports[`Test ToastNotification component should match snapshot for props ({ message: 'Hello', variant: 'error' }) 1`] = `null`;

exports[`Test ToastNotification component should match snapshot for props ({ message: 'Hello', variant: 'info' }) 1`] = `null`;

exports[`Test ToastNotification component should match snapshot for props ({ message: 'Hello', variant: 'neutral' }) 1`] = `null`;

exports[`Test ToastNotification component should match snapshot for props ({ message: 'Hello', variant: 'success' }) 1`] = `null`;

exports[`Test ToastNotification component should match snapshot for props ({ message: 'Hello', variant: 'warning' }) 1`] = `null`;
