// Jest Snapshot v1, https://goo.gl/fbAQLP

exports[`Test Typography Components Body Snapshot 1`] = `null`;

exports[`Test Typography Components BodyMonospace Snapshot 1`] = `null`;

exports[`Test Typography Components BodySmall Snapshot 1`] = `null`;

exports[`Test Typography Components BodySmall Snapshot 2`] = `null`;

exports[`Test Typography Components BodySmall Snapshot 3`] = `null`;

exports[`Test Typography Components BodySmall Snapshot 4`] = `null`;

exports[`Test Typography Components BodySmall Snapshot 5`] = `null`;

exports[`Test Typography Components CTA Snapshot 1`] = `null`;

exports[`Test Typography Components H1 Snapshot 1`] = `null`;

exports[`Test Typography Components H1 Snapshot 2`] = `null`;

exports[`Test Typography Components H2 Snapshot 1`] = `null`;

exports[`Test Typography Components H3 Snapshot 1`] = `null`;

exports[`Test Typography Components H3 Snapshot 2`] = `null`;

exports[`Test Typography Components H3 Snapshot 3`] = `null`;

exports[`Test Typography Components H3 Snapshot 4`] = `null`;

exports[`Test Typography Components H3 Snapshot 5`] = `null`;

exports[`Test Typography Components H4 Snapshot 1`] = `null`;

exports[`Test Typography Components H4 Snapshot 2`] = `null`;

exports[`Test Typography Components H4 Snapshot 3`] = `null`;

exports[`Test Typography Components H5 Snapshot 1`] = `null`;

exports[`Test Typography Components H5 Snapshot 2`] = `null`;

exports[`Test Typography Components H5 Snapshot 3`] = `null`;

exports[`Test Typography Components H5 Snapshot 4`] = `null`;

exports[`Test Typography Components H6 Snapshot 1`] = `null`;

exports[`Test Typography Components Link Snapshot 1`] = `null`;
