// Jest Snapshot v1, https://goo.gl/fbAQLP

exports[`Test Badge Components - Experimental Enabled Badge Snapshot 1`] = `
<View
  accessible={true}
  style={
    [
      {
        "alignItems": "center",
        "borderCurve": "continuous",
        "flexDirection": "row",
        "justifyContent": "center",
      },
      {
        "borderRadius": 24,
        "paddingHorizontal": 8,
        "paddingVertical": 4,
      },
      {
        "backgroundColor": "#E7ECFC",
      },
    ]
  }
>
  <Text
    allowFontScaling={true}
    ellipsizeMode="tail"
    maxFontSizeMultiplier={1.5}
    numberOfLines={1}
    style={
      [
        {},
        {
          "color": "#031344",
          "fontFamily": "Titillio",
          "fontSize": 12,
          "fontStyle": "normal",
          "fontWeight": "600",
          "lineHeight": 16,
        },
        {
          "alignSelf": "center",
          "flexShrink": 1,
          "letterSpacing": 0.5,
          "textTransform": "uppercase",
        },
      ]
    }
  >
    text
  </Text>
</View>
`;

exports[`Test Badge Components Badge Snapshot 1`] = `
<View
  accessible={true}
  style={
    [
      {
        "alignItems": "center",
        "borderCurve": "continuous",
        "flexDirection": "row",
        "justifyContent": "center",
      },
      {
        "borderRadius": 24,
        "paddingHorizontal": 8,
        "paddingVertical": 4,
      },
      {
        "backgroundColor": "#E7ECFC",
      },
    ]
  }
>
  <Text
    allowFontScaling={true}
    ellipsizeMode="tail"
    maxFontSizeMultiplier={1.5}
    numberOfLines={1}
    style={
      [
        {},
        {
          "color": "#031344",
          "fontFamily": "Titillio",
          "fontSize": 12,
          "fontStyle": "normal",
          "fontWeight": "600",
          "lineHeight": 16,
        },
        {
          "alignSelf": "center",
          "flexShrink": 1,
          "letterSpacing": 0.5,
          "textTransform": "uppercase",
        },
      ]
    }
  >
    text
  </Text>
</View>
`;
