// Jest Snapshot v1, https://goo.gl/fbAQLP

exports[`ClaimsSelector ClaimsSelector Snapshot (controlled) 1`] = `null`;

exports[`ClaimsSelector ClaimsSelector Snapshot (custom component) 1`] = `null`;

exports[`ClaimsSelector ClaimsSelector Snapshot (uncontrolled) 1`] = `null`;

exports[`ClaimsSelector ClaimsSelector Snapshot (unselectable items) 1`] = `null`;
