// Jest Snapshot v1, https://goo.gl/fbAQLP

exports[`Test Avatar Components - Experimental Enabled Avatar Snapshot 1`] = `null`;

exports[`Test Avatar Components - Experimental Enabled AvatarSearch Snapshot 1`] = `null`;

exports[`Test Avatar Components Avatar Snapshot 1`] = `null`;

exports[`Test Avatar Components AvatarSearch Snapshot 1`] = `null`;
