// Jest Snapshot v1, https://goo.gl/fbAQLP

exports[`ForceScrollDownView should match snapshot 1`] = `
<RCTScrollView
  collapsable={false}
  onContentSizeChange={[Function]}
  onLayout={[Function]}
  onScroll={[Function]}
  scrollEnabled={true}
  scrollEventThrottle={8}
  style={{}}
  testID="ScrollView"
>
  <View>
    <Text>
      Some content
    </Text>
  </View>
</RCTScrollView>
`;
