// Jest Snapshot v1, https://goo.gl/fbAQLP

exports[`Test Buttons Components - Experimental Enabled ButtonLink Snapshot 1`] = `null`;

exports[`Test Buttons Components - Experimental Enabled ButtonOutline Snapshot 1`] = `null`;

exports[`Test Buttons Components - Experimental Enabled ButtonSolid Snapshot 1`] = `null`;

exports[`Test Buttons Components - Experimental Enabled IconButton Snapshot 1`] = `null`;

exports[`Test Buttons Components - Experimental Enabled IconButtonContained Snapshot 1`] = `null`;

exports[`Test Buttons Components - Experimental Enabled IconButtonSolid Snapshot 1`] = `null`;

exports[`Test Buttons Components ButtonLink Snapshot 1`] = `null`;

exports[`Test Buttons Components ButtonOutline Snapshot 1`] = `null`;

exports[`Test Buttons Components ButtonSolid Snapshot 1`] = `null`;
